============================================================
FRESHLINE ENGINE SMOKE TEST
============================================================

[1] PARSING...
  Account.java: 1 classes, 15 methods ù OK
  AccountType.java: 1 classes, 0 methods ù OK
  BankingApp.java: 1 classes, 7 methods ù OK
  InterestCalculator.java: 1 classes, 3 methods ù OK
  Logger.java: 1 classes, 6 methods ù OK
  Transaction.java: 1 classes, 12 methods ù OK
  TransactionType.java: 1 classes, 0 methods ù OK

[2] DEPENDENCY GRAPH...
  Nodes: 50
  Edges: 71
  Classes: 7
  Methods: 43
  Has cycles: True

  Sample edges:
    Account --[calls]--> Account.deposit
    Account --[calls]--> Account.withdraw
    Account --[calls]--> Account.transfer
    Account --[calls]--> Account.calculateInterest
    Account --[calls]--> Account.applyMonthlyInterest
    Account --[calls]--> Account.printStatement
    Account --[calls]--> Account.debugDump
    Account --[calls]--> Account.getAccountId
    Account --[calls]--> Account.getOwnerName
    Account --[calls]--> Account.getBalance

[3] DEAD CODE DETECTION...
  Dead methods: 10
    X Account.printStatement
    X Account.debugDump
    X BankingApp.closeAccount
    X InterestCalculator.compoundInterest
    X InterestCalculator.simpleInterest
    X Logger.clearLog
    X Logger.dumpRecent
    X Logger.enableFileLogging
    X Logger.disableFileLogging
    X Transaction.toXml

  Noise ratio: 33.8%
  Noise lines: 175 / 517
    todo_block: 28 lines
    excessive_comments: 147 lines

[4] CONTEXT OPTIMIZATION...
  Testing with: Logger.writeToFile
  Calls: ['e.getMessage', 'fw.write', 'System.err.println', 'fw.close']
  Included deps: []
  Excluded deps: []
  Original lines: 9
  Optimized lines: 9
  Compression: 0.0%
  Estimated tokens: 41

  Context preview (first 300 chars):
  ...

============================================================
python : Traceback 
(most recent call 
last):
At line:1 char:1
+ python 
test_engine.py > 
test_output.txt 2>&1; 
Get-Content 
test_output ...
+ ~~~~~~~~~~~~~~~~~~~~
~~~~~~~~~~~~~~~~~~~~~~
~~
    + CategoryInfo    
          : 
NotSpecified: (T    
raceback (most recent 
    call 
last)::String)     
[], RemoteException
    + 
FullyQualifiedError   
 Id : 
NativeCommandErr    or
 
  File "C:\Users\Cleo\
Desktop\SHITIBUILT\fre
shline\test_engine.py"
, line 86, in <module>
    print("ALL CHECKS 
PASSED \u2713")
    ~~~~~^^^^^^^^^^^^^
^^^^^^^^^^
  File "C:\Users\Cleo\
AppData\Local\Python\p
ythoncore-3.14-64\Lib\
encodings\cp1252.py", 
line 19, in encode
    return codecs.char
map_encode(input,self.
errors,encoding_table)
[0]
           ~~~~~~~~~~~
~~~~~~~~~~^^^^^^^^^^^^
^^^^^^^^^^^^^^^^^^^^^^
UnicodeEncodeError: 
'charmap' codec can't 
encode character 
'\u2713' in position 
18: character maps to 
<undefined>
